[0m[1mbun install [0m[2mv1.2.15 (df017990)[0m

[0m[32m+[0m [1mturbo[0m[2m@2.5.4[0m
[0m[32m+[0m [1m@biomejs/biome[0m[2m@1.9.4[0m
[0m
[36m@tuneperfect/api[0m[2m:[0m
[0m[32m+[0m [1m@babel/core[0m[2m@7.27.4[0m
[0m[32m+[0m [1m@types/bun[0m[2m@1.2.15[0m
[0m[32m+[0m [1m@types/jsonwebtoken[0m[2m@9.0.9[0m
[0m[32m+[0m [1m@types/nodemailer[0m[2m@6.4.17[0m
[0m[32m+[0m [1m@types/semver[0m[2m@7.7.0[0m
[0m[32m+[0m [1mdrizzle-kit[0m[2m@1.0.0-beta.1-fd5d1e8[0m
[0m[32m+[0m [1mpg[0m[2m@8.16.0[0m
[0m[32m+[0m [1m@orpc/client[0m[2m@1.4.4[0m
[0m[32m+[0m [1m@orpc/openapi[0m[2m@1.4.4[0m
[0m[32m+[0m [1m@orpc/server[0m[2m@1.4.4[0m
[0m[32m+[0m [1m@orpc/valibot[0m[2m@1.4.4[0m
[0m[32m+[0m [1m@tuneperfect/email[0m[2m@workspace:packages/email[0m
[0m[32m+[0m [1marctic[0m[2m@3.7.0[0m
[0m[32m+[0m [1mcroner[0m[2m@9.0.0[0m
[0m[32m+[0m [1mdate-fns[0m[2m@4.1.0[0m
[0m[32m+[0m [1mdrizzle-orm[0m[2m@1.0.0-beta.1-fd5d1e8[0m
[0m[32m+[0m [1mjsonwebtoken[0m[2m@9.0.2[0m
[0m[32m+[0m [1mnodemailer[0m[2m@7.0.3[0m
[0m[32m+[0m [1mpino[0m[2m@9.7.0[0m
[0m[32m+[0m [1mpino-pretty[0m[2m@13.0.0[0m
[0m[32m+[0m [1mredis[0m[2m@5.5.6[0m
[0m[32m+[0m [1msemver[0m[2m@7.7.2[0m
[0m[32m+[0m [1msharp[0m[2m@0.34.2[0m
[0m[32m+[0m [1mufo[0m[2m@1.6.1[0m
[0m[32m+[0m [1mvalibot[0m[2m@1.1.0[0m
[0m
[36m@tuneperfect/app[0m[2m:[0m
[0m[32m+[0m [1m@import-meta-env/unplugin[0m[2m@0.6.2[0m
[0m[32m+[0m [1m@tanstack/router-plugin[0m[2m@1.120.18[0m
[0m[32m+[0m [1m@tanstack/solid-router-devtools[0m[2m@1.121.0-alpha.22[0m
[0m[32m+[0m [1mtypescript[0m[2m@5.8.3[0m
[0m[32m+[0m [1munplugin-icons[0m[2m@22.1.0[0m
[0m[32m+[0m [1mvite[0m[2m@6.3.5[0m
[0m[32m+[0m [1mvite-plugin-solid[0m[2m@2.11.6[0m
[0m[32m+[0m [1m@fontsource/lato[0m[2m@5.2.6[0m
[0m[32m+[0m [1m@iconify-json/circle-flags[0m[2m@1.2.6[0m
[0m[32m+[0m [1m@iconify-json/logos[0m[2m@1.2.4[0m
[0m[32m+[0m [1m@iconify-json/lucide[0m[2m@1.2.46[0m
[0m[32m+[0m [1m@kobalte/core[0m[2m@0.13.10[0m
[0m[32m+[0m [1m@orpc/client[0m[2m@1.4.4[0m
[0m[32m+[0m [1m@orpc/solid-query[0m[2m@1.4.4[0m
[0m[32m+[0m [1m@orpc/tanstack-query[0m[2m@1.4.4[0m
[0m[32m+[0m [1m@solid-primitives/event-dispatcher[0m[2m@0.1.1[0m
[0m[32m+[0m [1m@solid-primitives/event-listener[0m[2m@2.4.1[0m
[0m[32m+[0m [1m@solid-primitives/i18n[0m[2m@2.2.1[0m
[0m[32m+[0m [1m@solid-primitives/storage[0m[2m@4.3.2[0m
[0m[32m+[0m [1m@tailwindcss/vite[0m[2m@4.1.8[0m
[0m[32m+[0m [1m@tanstack/solid-form[0m[2m@1.12.2[0m
[0m[32m+[0m [1m@tanstack/solid-query[0m[2m@5.80.6[0m
[0m[32m+[0m [1m@tanstack/solid-router[0m[2m@1.121.0-alpha.22[0m
[0m[32m+[0m [1mcva[0m[2m@1.0.0-beta.4[0m
[0m[32m+[0m [1msolid-js[0m[2m@1.9.7[0m
[0m[32m+[0m [1mtailwindcss[0m[2m@4.1.8[0m
[0m[32m+[0m [1mufo[0m[2m@1.6.1[0m
[0m[32m+[0m [1mvalibot[0m[2m@1.1.0[0m
[0m
[36m@tuneperfect/email[0m[2m:[0m
[0m[32m+[0m [1mtypescript[0m[2m@5.8.3[0m
[0m[32m+[0m [1m@types/react[0m[2m@19.1.6[0m
[0m[32m+[0m [1mreact-email[0m[2m@4.0.16[0m
[0m[32m+[0m [1m@react-email/components[0m[2m@0.0.41[0m
[0m[32m+[0m [1m@react-email/render[0m[2m@1.1.2[0m
[0m[32m+[0m [1mreact[0m[2m@19.1.0[0m
[0m[32m+[0m [1mreact-dom[0m[2m@19.1.0[0m
[0m
[36m@tuneperfect/game[0m[2m:[0m
[0m[32m+[0m [1m@tauri-apps/cli[0m[2m@2.5.0[0m
[0m[32m+[0m [1m@types/howler[0m[2m@2.2.12[0m
[0m[32m+[0m [1mtypescript[0m[2m@5.8.3[0m
[0m[32m+[0m [1munplugin-icons[0m[2m@22.1.0[0m
[0m[32m+[0m [1mvite[0m[2m@6.3.5[0m
[0m[32m+[0m [1mvite-plugin-solid[0m[2m@2.11.6[0m
[0m[32m+[0m [1m@fontsource/lato[0m[2m@5.2.6[0m
[0m[32m+[0m [1m@iconify-json/circle-flags[0m[2m@1.2.6[0m
[0m[32m+[0m [1m@iconify-json/lucide[0m[2m@1.2.46[0m
[0m[32m+[0m [1m@kobalte/core[0m[2m@0.13.10[0m
[0m[32m+[0m [1m@solid-primitives/i18n[0m[2m@2.2.1[0m
[0m[32m+[0m [1m@solid-primitives/keyed[0m[2m@1.5.1[0m
[0m[32m+[0m [1m@solid-primitives/map[0m[2m@0.7.1[0m
[0m[32m+[0m [1m@solid-primitives/raf[0m[2m@2.3.1[0m
[0m[32m+[0m [1m@solid-primitives/refs[0m[2m@1.1.1[0m
[0m[32m+[0m [1m@solid-primitives/scheduled[0m[2m@1.5.1[0m
[0m[32m+[0m [1m@solid-primitives/storage[0m[2m@4.3.2[0m
[0m[32m+[0m [1m@solid-primitives/timer[0m[2m@1.4.1[0m
[0m[32m+[0m [1m@tailwindcss/vite[0m[2m@4.1.8[0m
[0m[32m+[0m [1m@tanstack/router-plugin[0m[2m@1.120.18[0m
[0m[32m+[0m [1m@tanstack/solid-form[0m[2m@1.12.2[0m
[0m[32m+[0m [1m@tanstack/solid-query[0m[2m@5.80.6[0m
[0m[32m+[0m [1m@tanstack/solid-router[0m[2m@1.121.0-alpha.22[0m
[0m[32m+[0m [1m@tanstack/solid-router-devtools[0m[2m@1.121.0-alpha.22[0m
[0m[32m+[0m [1m@tauri-apps/api[0m[2m@2.5.0[0m
[0m[32m+[0m [1m@tauri-apps/plugin-dialog[0m[2m@2.2.2[0m
[0m[32m+[0m [1m@tauri-apps/plugin-fs[0m[2m@2.3.0[0m
[0m[32m+[0m [1m@tauri-apps/plugin-opener[0m[2m@2.2.7[0m
[0m[32m+[0m [1m@tauri-apps/plugin-process[0m[2m@2.2.1[0m
[0m[32m+[0m [1m@tauri-apps/plugin-shell[0m[2m@2.2.1[0m
[0m[32m+[0m [1m@tauri-apps/plugin-updater[0m[2m@2.7.1[0m
[0m[32m+[0m [1m@tauri-apps/plugin-window-state[0m[2m@2.2.2[0m
[0m[32m+[0m [1m@tuneperfect/api[0m[2m@workspace:apps/api[0m
[0m[32m+[0m [1mclsx[0m[2m@2.1.1[0m
[0m[32m+[0m [1mcva[0m[2m@1.0.0-beta.4[0m
[0m[32m+[0m [1mfuse.js[0m[2m@7.1.0[0m
[0m[32m+[0m [1mhowler[0m[2m@2.2.4[0m
[0m[32m+[0m [1mmitt[0m[2m@3.0.1[0m
[0m[32m+[0m [1mp-limit[0m[2m@6.2.0[0m
[0m[32m+[0m [1mqrcode[0m[2m@1.5.4[0m
[0m[32m+[0m [1msolid-js[0m[2m@1.9.7[0m
[0m[32m+[0m [1msolid-transition-group[0m[2m@0.3.0[0m
[0m[32m+[0m [1mtailwind-merge[0m[2m@3.3.0[0m
[0m[32m+[0m [1mtailwindcss[0m[2m@4.1.8[0m
[0m[32m+[0m [1mts-md5[0m[2m@1.3.1[0m
[0m[32m+[0m [1mufo[0m[2m@1.6.1[0m
[0m[32m+[0m [1mvalibot[0m[2m@1.1.0[0m
[0m
[36m@tuneperfect/web[0m[2m:[0m
[0m[32m+[0m [1m@tanstack/solid-router-devtools[0m[2m@1.121.0-alpha.22[0m
[0m[32m+[0m [1mtypescript[0m[2m@5.8.3[0m
[0m[32m+[0m [1munplugin-icons[0m[2m@22.1.0[0m
[0m[32m+[0m [1mvite[0m[2m@6.3.5[0m
[0m[32m+[0m [1mvite-tsconfig-paths[0m[2m@5.1.4[0m
[0m[32m+[0m [1m@fontsource/lato[0m[2m@5.2.6[0m
[0m[32m+[0m [1m@iconify-json/circle-flags[0m[2m@1.2.6[0m
[0m[32m+[0m [1m@iconify-json/logos[0m[2m@1.2.4[0m
[0m[32m+[0m [1m@iconify-json/lucide[0m[2m@1.2.46[0m
[0m[32m+[0m [1m@kobalte/core[0m[2m@0.13.10[0m
[0m[32m+[0m [1m@tailwindcss/vite[0m[2m@4.1.8[0m
[0m[32m+[0m [1m@tanstack/solid-router[0m[2m@1.121.0-alpha.22[0m
[0m[32m+[0m [1m@tanstack/solid-start[0m[2m@1.121.0-alpha.25[0m
[0m[32m+[0m [1mclsx[0m[2m@2.1.1[0m
[0m[32m+[0m [1mcva[0m[2m@1.0.0-beta.4[0m
[0m[32m+[0m [1mposthog-js[0m[2m@1.249.4[0m
[0m[32m+[0m [1msolid-js[0m[2m@1.9.7[0m
[0m[32m+[0m [1mtailwind-merge[0m[2m@3.3.0[0m
[0m[32m+[0m [1mtailwindcss[0m[2m@4.1.8[0m

[32m950[0m packages[0m installed [0m[2m[[1m7.27s[0m[2m][0m[0m
